0 verbose cli /opt/homebrew/Cellar/node/24.3.0/bin/node /opt/homebrew/opt/node@24/bin/npm
1 info using npm@11.4.2
2 info using node@v24.3.0
3 silly config load:file:/opt/homebrew/lib/node_modules/npm/npmrc
4 silly config load:file:/Users/md.khaledbin/Desktop/mdkhaledbin.github.io/.npmrc
5 silly config load:file:/Users/md.khaledbin/.npmrc
6 silly config load:file:/opt/homebrew/etc/npmrc
7 verbose title npm install next-seo
8 verbose argv "install" "next-seo" "--cache" ".npm-cache"
9 verbose logfile logs-max:10 dir:/Users/md.khaledbin/Desktop/mdkhaledbin.github.io/.npm-cache/_logs/2026-04-07T14_03_05_605Z-
10 verbose logfile /Users/md.khaledbin/Desktop/mdkhaledbin.github.io/.npm-cache/_logs/2026-04-07T14_03_05_605Z-debug-0.log
11 silly logfile done cleaning log files
12 silly packumentCache heap:2348810240 maxSize:587202560 maxEntrySize:293601280
13 silly idealTree buildDeps
14 silly fetch manifest next-seo@*
15 silly packumentCache full:https://registry.npmjs.org/next-seo cache-miss
16 verbose shrinkwrap failed to load node_modules/.package-lock.json out of date, updated: node_modules
17 http fetch GET 200 https://registry.npmjs.org/next-seo 197ms (cache miss)
18 silly packumentCache full:https://registry.npmjs.org/next-seo set size:undefined disposed:false
19 silly fetch manifest next@16.2.2
20 silly packumentCache full:https://registry.npmjs.org/next cache-miss
21 http fetch GET 200 https://registry.npmjs.org/npm 318ms
22 http fetch GET 200 https://registry.npmjs.org/next 300ms (cache miss)
23 silly packumentCache full:https://registry.npmjs.org/next set size:undefined disposed:false
24 silly fetch manifest @opentelemetry/api@^1.1.0
25 silly packumentCache full:https://registry.npmjs.org/@opentelemetry%2fapi cache-miss
26 http fetch GET 200 https://registry.npmjs.org/@opentelemetry%2fapi 54ms (cache miss)
27 silly packumentCache full:https://registry.npmjs.org/@opentelemetry%2fapi set size:undefined disposed:false
28 silly fetch manifest @playwright/test@^1.51.1
29 silly packumentCache full:https://registry.npmjs.org/@playwright%2ftest cache-miss
30 http fetch GET 200 https://registry.npmjs.org/@playwright%2ftest 202ms (cache miss)
31 silly packumentCache full:https://registry.npmjs.org/@playwright%2ftest set size:undefined disposed:false
32 silly fetch manifest babel-plugin-react-compiler@*
33 silly packumentCache full:https://registry.npmjs.org/babel-plugin-react-compiler cache-miss
34 http fetch GET 200 https://registry.npmjs.org/babel-plugin-react-compiler 41ms (cache miss)
35 silly packumentCache full:https://registry.npmjs.org/babel-plugin-react-compiler set size:undefined disposed:false
36 silly fetch manifest react@19.2.4
37 silly packumentCache full:https://registry.npmjs.org/react cache-miss
38 http fetch GET 200 https://registry.npmjs.org/react 260ms (cache miss)
39 silly packumentCache full:https://registry.npmjs.org/react set size:undefined disposed:false
40 silly fetch manifest react-dom@19.2.4
41 silly packumentCache full:https://registry.npmjs.org/react-dom cache-miss
42 http fetch GET 200 https://registry.npmjs.org/react-dom 374ms (cache miss)
43 silly packumentCache full:https://registry.npmjs.org/react-dom set size:undefined disposed:false
44 silly fetch manifest sass@^1.3.0
45 silly packumentCache full:https://registry.npmjs.org/sass cache-miss
46 http fetch GET 200 https://registry.npmjs.org/sass 82ms (cache miss)
47 silly packumentCache full:https://registry.npmjs.org/sass set size:undefined disposed:false
48 silly placeDep ROOT next-seo@7.2.0 OK for: mdkhaledbin.github.io@0.1.0 want: *
49 silly reify moves {}
50 verbose reify failed optional dependency /Users/md.khaledbin/Desktop/mdkhaledbin.github.io/node_modules/@tailwindcss/oxide-wasm32-wasi
51 silly reify mark deleted [
51 silly reify   '/Users/md.khaledbin/Desktop/mdkhaledbin.github.io/node_modules/@tailwindcss/oxide-wasm32-wasi'
51 silly reify ]
52 silly audit bulk request {
52 silly audit   '@alloc/quick-lru': [ '5.2.0' ],
52 silly audit   '@babel/code-frame': [ '7.29.0' ],
52 silly audit   '@babel/compat-data': [ '7.29.0' ],
52 silly audit   '@babel/core': [ '7.29.0' ],
52 silly audit   '@babel/generator': [ '7.29.1' ],
52 silly audit   '@babel/helper-compilation-targets': [ '7.28.6' ],
52 silly audit   '@babel/helper-globals': [ '7.28.0' ],
52 silly audit   '@babel/helper-module-imports': [ '7.28.6' ],
52 silly audit   '@babel/helper-module-transforms': [ '7.28.6' ],
52 silly audit   '@babel/helper-string-parser': [ '7.27.1' ],
52 silly audit   '@babel/helper-validator-identifier': [ '7.28.5' ],
52 silly audit   '@babel/helper-validator-option': [ '7.27.1' ],
52 silly audit   '@babel/helpers': [ '7.29.2' ],
52 silly audit   '@babel/parser': [ '7.29.2' ],
52 silly audit   '@babel/template': [ '7.28.6' ],
52 silly audit   '@babel/traverse': [ '7.29.0' ],
52 silly audit   '@babel/types': [ '7.29.0' ],
52 silly audit   '@emnapi/core': [ '1.9.2' ],
52 silly audit   '@emnapi/runtime': [ '1.9.2' ],
52 silly audit   '@emnapi/wasi-threads': [ '1.2.1' ],
52 silly audit   '@eslint-community/eslint-utils': [ '4.9.1' ],
52 silly audit   'eslint-visitor-keys': [ '3.4.3', '5.0.1', '4.2.1' ],
52 silly audit   '@eslint-community/regexpp': [ '4.12.2' ],
52 silly audit   '@eslint/config-array': [ '0.21.2' ],
52 silly audit   '@eslint/config-helpers': [ '0.4.2' ],
52 silly audit   '@eslint/core': [ '0.17.0' ],
52 silly audit   '@eslint/eslintrc': [ '3.3.5' ],
52 silly audit   '@eslint/js': [ '9.39.4' ],
52 silly audit   '@eslint/object-schema': [ '2.1.7' ],
52 silly audit   '@eslint/plugin-kit': [ '0.4.1' ],
52 silly audit   '@floating-ui/core': [ '1.7.5' ],
52 silly audit   '@floating-ui/dom': [ '1.7.6' ],
52 silly audit   '@floating-ui/react-dom': [ '2.1.8' ],
52 silly audit   '@floating-ui/utils': [ '0.2.11' ],
52 silly audit   '@humanfs/core': [ '0.19.1' ],
52 silly audit   '@humanfs/node': [ '0.16.7' ],
52 silly audit   '@humanwhocodes/module-importer': [ '1.0.1' ],
52 silly audit   '@humanwhocodes/retry': [ '0.4.3' ],
52 silly audit   '@img/colour': [ '1.1.0' ],
52 silly audit   '@img/sharp-darwin-arm64': [ '0.34.5' ],
52 silly audit   '@img/sharp-darwin-x64': [ '0.34.5' ],
52 silly audit   '@img/sharp-libvips-darwin-arm64': [ '1.2.4' ],
52 silly audit   '@img/sharp-libvips-darwin-x64': [ '1.2.4' ],
52 silly audit   '@img/sharp-libvips-linux-arm': [ '1.2.4' ],
52 silly audit   '@img/sharp-libvips-linux-arm64': [ '1.2.4' ],
52 silly audit   '@img/sharp-libvips-linux-ppc64': [ '1.2.4' ],
52 silly audit   '@img/sharp-libvips-linux-riscv64': [ '1.2.4' ],
52 silly audit   '@img/sharp-libvips-linux-s390x': [ '1.2.4' ],
52 silly audit   '@img/sharp-libvips-linux-x64': [ '1.2.4' ],
52 silly audit   '@img/sharp-libvips-linuxmusl-arm64': [ '1.2.4' ],
52 silly audit   '@img/sharp-libvips-linuxmusl-x64': [ '1.2.4' ],
52 silly audit   '@img/sharp-linux-arm': [ '0.34.5' ],
52 silly audit   '@img/sharp-linux-arm64': [ '0.34.5' ],
52 silly audit   '@img/sharp-linux-ppc64': [ '0.34.5' ],
52 silly audit   '@img/sharp-linux-riscv64': [ '0.34.5' ],
52 silly audit   '@img/sharp-linux-s390x': [ '0.34.5' ],
52 silly audit   '@img/sharp-linux-x64': [ '0.34.5' ],
52 silly audit   '@img/sharp-linuxmusl-arm64': [ '0.34.5' ],
52 silly audit   '@img/sharp-linuxmusl-x64': [ '0.34.5' ],
52 silly audit   '@img/sharp-wasm32': [ '0.34.5' ],
52 silly audit   '@img/sharp-win32-arm64': [ '0.34.5' ],
52 silly audit   '@img/sharp-win32-ia32': [ '0.34.5' ],
52 silly audit   '@img/sharp-win32-x64': [ '0.34.5' ],
52 silly audit   '@jridgewell/gen-mapping': [ '0.3.13' ],
52 silly audit   '@jridgewell/remapping': [ '2.3.5' ],
52 silly audit   '@jridgewell/resolve-uri': [ '3.1.2' ],
52 silly audit   '@jridgewell/sourcemap-codec': [ '1.5.5' ],
52 silly audit   '@jridgewell/trace-mapping': [ '0.3.31' ],
52 silly audit   '@mdx-js/loader': [ '3.1.1' ],
52 silly audit   '@mdx-js/mdx': [ '3.1.1' ],
52 silly audit   '@mdx-js/react': [ '3.1.1' ],
52 silly audit   '@napi-rs/wasm-runtime': [ '0.2.12' ],
52 silly audit   '@next/env': [ '16.2.2' ],
52 silly audit   '@next/eslint-plugin-next': [ '16.2.2' ],
52 silly audit   '@next/mdx': [ '16.2.2' ],
52 silly audit   '@next/swc-darwin-arm64': [ '16.2.2' ],
52 silly audit   '@next/swc-darwin-x64': [ '16.2.2' ],
52 silly audit   '@next/swc-linux-arm64-gnu': [ '16.2.2' ],
52 silly audit   '@next/swc-linux-arm64-musl': [ '16.2.2' ],
52 silly audit   '@next/swc-linux-x64-gnu': [ '16.2.2' ],
52 silly audit   '@next/swc-linux-x64-musl': [ '16.2.2' ],
52 silly audit   '@next/swc-win32-arm64-msvc': [ '16.2.2' ],
52 silly audit   '@next/swc-win32-x64-msvc': [ '16.2.2' ],
52 silly audit   '@nodelib/fs.scandir': [ '2.1.5' ],
52 silly audit   '@nodelib/fs.stat': [ '2.0.5' ],
52 silly audit   '@nodelib/fs.walk': [ '1.2.8' ],
52 silly audit   '@nolyfill/is-core-module': [ '1.0.39' ],
52 silly audit   '@radix-ui/primitive': [ '1.1.3' ],
52 silly audit   '@radix-ui/react-arrow': [ '1.1.7' ],
52 silly audit   '@radix-ui/react-collection': [ '1.1.7' ],
52 silly audit   '@radix-ui/react-slot': [ '1.2.3', '1.2.4' ],
52 silly audit   '@radix-ui/react-compose-refs': [ '1.1.2' ],
52 silly audit   '@radix-ui/react-context': [ '1.1.2' ],
52 silly audit   '@radix-ui/react-dialog': [ '1.1.15' ],
52 silly audit   '@radix-ui/react-direction': [ '1.1.1' ],
52 silly audit   '@radix-ui/react-dismissable-layer': [ '1.1.11' ],
52 silly audit   '@radix-ui/react-dropdown-menu': [ '2.1.16' ],
52 silly audit   '@radix-ui/react-focus-guards': [ '1.1.3' ],
52 silly audit   '@radix-ui/react-focus-scope': [ '1.1.7' ],
52 silly audit   '@radix-ui/react-id': [ '1.1.1' ],
52 silly audit   '@radix-ui/react-menu': [ '2.1.16' ],
52 silly audit   '@radix-ui/react-popper': [ '1.2.8' ],
52 silly audit   '@radix-ui/react-portal': [ '1.1.9' ],
52 silly audit   '@radix-ui/react-presence': [ '1.1.5' ],
52 silly audit   '@radix-ui/react-primitive': [ '2.1.3' ],
52 silly audit   '@radix-ui/react-roving-focus': [ '1.1.11' ],
52 silly audit   '@radix-ui/react-tooltip': [ '1.2.8' ],
52 silly audit   '@radix-ui/react-use-callback-ref': [ '1.1.1' ],
52 silly audit   '@radix-ui/react-use-controllable-state': [ '1.2.2' ],
52 silly audit   '@radix-ui/react-use-effect-event': [ '0.0.2' ],
52 silly audit   '@radix-ui/react-use-escape-keydown': [ '1.1.1' ],
52 silly audit   '@radix-ui/react-use-layout-effect': [ '1.1.1' ],
52 silly audit   '@radix-ui/react-use-rect': [ '1.1.1' ],
52 silly audit   '@radix-ui/react-use-size': [ '1.1.1' ],
52 silly audit   '@radix-ui/react-visually-hidden': [ '1.2.3' ],
52 silly audit   '@radix-ui/rect': [ '1.1.1' ],
52 silly audit   '@rtsao/scc': [ '1.1.0' ],
52 silly audit   '@swc/helpers': [ '0.5.15' ],
52 silly audit   '@tailwindcss/node': [ '4.2.2' ],
52 silly audit   '@tailwindcss/oxide': [ '4.2.2' ],
52 silly audit   '@tailwindcss/oxide-android-arm64': [ '4.2.2' ],
52 silly audit   '@tailwindcss/oxide-darwin-arm64': [ '4.2.2' ],
52 silly audit   '@tailwindcss/oxide-darwin-x64': [ '4.2.2' ],
52 silly audit   '@tailwindcss/oxide-freebsd-x64': [ '4.2.2' ],
52 silly audit   '@tailwindcss/oxide-linux-arm-gnueabihf': [ '4.2.2' ],
52 silly audit   '@tailwindcss/oxide-linux-arm64-gnu': [ '4.2.2' ],
52 silly audit   '@tailwindcss/oxide-linux-arm64-musl': [ '4.2.2' ],
52 silly audit   '@tailwindcss/oxide-linux-x64-gnu': [ '4.2.2' ],
52 silly audit   '@tailwindcss/oxide-linux-x64-musl': [ '4.2.2' ],
52 silly audit   '@tailwindcss/oxide-win32-arm64-msvc': [ '4.2.2' ],
52 silly audit   '@tailwindcss/oxide-win32-x64-msvc': [ '4.2.2' ],
52 silly audit   '@tailwindcss/postcss': [ '4.2.2' ],
52 silly audit   '@tybys/wasm-util': [ '0.10.1' ],
52 silly audit   '@types/debug': [ '4.1.13' ],
52 silly audit   '@types/estree': [ '1.0.8' ],
52 silly audit   '@types/estree-jsx': [ '1.0.5' ],
52 silly audit   '@types/hast': [ '3.0.4' ],
52 silly audit   '@types/json-schema': [ '7.0.15' ],
52 silly audit   '@types/json5': [ '0.0.29' ],
52 silly audit   '@types/mdast': [ '4.0.4' ],
52 silly audit   '@types/mdx': [ '2.0.13' ],
52 silly audit   '@types/ms': [ '2.1.0' ],
52 silly audit   '@types/node': [ '20.19.39' ],
52 silly audit   '@types/react': [ '19.2.14' ],
52 silly audit   '@types/react-dom': [ '19.2.3' ],
52 silly audit   '@types/unist': [ '3.0.3', '2.0.11' ],
52 silly audit   '@typescript-eslint/eslint-plugin': [ '8.58.0' ],
52 silly audit   ignore: [ '7.0.5', '5.3.2' ],
52 silly audit   '@typescript-eslint/parser': [ '8.58.0' ],
52 silly audit   '@typescript-eslint/project-service': [ '8.58.0' ],
52 silly audit   '@typescript-eslint/scope-manager': [ '8.58.0' ],
52 silly audit   '@typescript-eslint/tsconfig-utils': [ '8.58.0' ],
52 silly audit   '@typescript-eslint/type-utils': [ '8.58.0' ],
52 silly audit   '@typescript-eslint/types': [ '8.58.0' ],
52 silly audit   '@typescript-eslint/typescript-estree': [ '8.58.0' ],
52 silly audit   'balanced-match': [ '4.0.4', '1.0.2' ],
52 silly audit   'brace-expansion': [ '5.0.5', '1.1.13' ],
52 silly audit   minimatch: [ '10.2.5', '3.1.5' ],
52 silly audit   semver: [ '7.7.4', '6.3.1' ],
52 silly audit   '@typescript-eslint/utils': [ '8.58.0' ],
52 silly audit   '@typescript-eslint/visitor-keys': [ '8.58.0' ],
52 silly audit   '@ungap/structured-clone': [ '1.3.0' ],
52 silly audit   '@unrs/resolver-binding-android-arm-eabi': [ '1.11.1' ],
52 silly audit   '@unrs/resolver-binding-android-arm64': [ '1.11.1' ],
52 silly audit   '@unrs/resolver-binding-darwin-arm64': [ '1.11.1' ],
52 silly audit   '@unrs/resolver-binding-darwin-x64': [ '1.11.1' ],
52 silly audit   '@unrs/resolver-binding-freebsd-x64': [ '1.11.1' ],
52 silly audit   '@unrs/resolver-binding-linux-arm-gnueabihf': [ '1.11.1' ],
52 silly audit   '@unrs/resolver-binding-linux-arm-musleabihf': [ '1.11.1' ],
52 silly audit   '@unrs/resolver-binding-linux-arm64-gnu': [ '1.11.1' ],
52 silly audit   '@unrs/resolver-binding-linux-arm64-musl': [ '1.11.1' ],
52 silly audit   '@unrs/resolver-binding-linux-ppc64-gnu': [ '1.11.1' ],
52 silly audit   '@unrs/resolver-binding-linux-riscv64-gnu': [ '1.11.1' ],
52 silly audit   '@unrs/resolver-binding-linux-riscv64-musl': [ '1.11.1' ],
52 silly audit   '@unrs/resolver-binding-linux-s390x-gnu': [ '1.11.1' ],
52 silly audit   '@unrs/resolver-binding-linux-x64-gnu': [ '1.11.1' ],
52 silly audit   '@unrs/resolver-binding-linux-x64-musl': [ '1.11.1' ],
52 silly audit   '@unrs/resolver-binding-wasm32-wasi': [ '1.11.1' ],
52 silly audit   '@unrs/resolver-binding-win32-arm64-msvc': [ '1.11.1' ],
52 silly audit   '@unrs/resolver-binding-win32-ia32-msvc': [ '1.11.1' ],
52 silly audit   '@unrs/resolver-binding-win32-x64-msvc': [ '1.11.1' ],
52 silly audit   acorn: [ '8.16.0' ],
52 silly audit   'acorn-jsx': [ '5.3.2' ],
52 silly audit   ajv: [ '6.14.0' ],
52 silly audit   'ansi-styles': [ '4.3.0' ],
52 silly audit   argparse: [ '2.0.1', '1.0.10' ],
52 silly audit   'aria-hidden': [ '1.2.6' ],
52 silly audit   'aria-query': [ '5.3.2' ],
52 silly audit   'array-buffer-byte-length': [ '1.0.2' ],
52 silly audit   'array-includes': [ '3.1.9' ],
52 silly audit   'array.prototype.findlast': [ '1.2.5' ],
52 silly audit   'array.prototype.findlastindex': [ '1.2.6' ],
52 silly audit   'array.prototype.flat': [ '1.3.3' ],
52 silly audit   'array.prototype.flatmap': [ '1.3.3' ],
52 silly audit   'array.prototype.tosorted': [ '1.1.4' ],
52 silly audit   'arraybuffer.prototype.slice': [ '1.0.4' ],
52 silly audit   'ast-types-flow': [ '0.0.8' ],
52 silly audit   astring: [ '1.9.0' ],
52 silly audit   'async-function': [ '1.0.0' ],
52 silly audit   'available-typed-arrays': [ '1.0.7' ],
52 silly audit   'axe-core': [ '4.11.2' ],
52 silly audit   'axobject-query': [ '4.1.0' ],
52 silly audit   bail: [ '2.0.2' ],
52 silly audit   'baseline-browser-mapping': [ '2.10.15' ],
52 silly audit   braces: [ '3.0.3' ],
52 silly audit   browserslist: [ '4.28.2' ],
52 silly audit   'call-bind': [ '1.0.8' ],
52 silly audit   'call-bind-apply-helpers': [ '1.0.2' ],
52 silly audit   'call-bound': [ '1.0.4' ],
52 silly audit   callsites: [ '3.1.0' ],
52 silly audit   'caniuse-lite': [ '1.0.30001786' ],
52 silly audit   ccount: [ '2.0.1' ],
52 silly audit   chalk: [ '4.1.2' ],
52 silly audit   'character-entities': [ '2.0.2' ],
52 silly audit   'character-entities-html4': [ '2.1.0' ],
52 silly audit   'character-entities-legacy': [ '3.0.0' ],
52 silly audit   'character-reference-invalid': [ '2.0.1' ],
52 silly audit   'client-only': [ '0.0.1' ],
52 silly audit   clsx: [ '2.1.1' ],
52 silly audit   cmdk: [ '1.1.1' ],
52 silly audit   'collapse-white-space': [ '2.1.0' ],
52 silly audit   'color-convert': [ '2.0.1' ],
52 silly audit   'color-name': [ '1.1.4' ],
52 silly audit   'comma-separated-tokens': [ '2.0.3' ],
52 silly audit   'concat-map': [ '0.0.1' ],
52 silly audit   'convert-source-map': [ '2.0.0' ],
52 silly audit   'cross-spawn': [ '7.0.6' ],
52 silly audit   csstype: [ '3.2.3' ],
52 silly audit   'damerau-levenshtein': [ '1.0.8' ],
52 silly audit   'data-view-buffer': [ '1.0.2' ],
52 silly audit   'data-view-byte-length': [ '1.0.2' ],
52 silly audit   'data-view-byte-offset': [ '1.0.1' ],
52 silly audit   debug: [ '4.4.3', '3.2.7' ],
52 silly audit   'decode-named-character-reference': [ '1.3.0' ],
52 silly audit   'deep-is': [ '0.1.4' ],
52 silly audit   'define-data-property': [ '1.1.4' ],
52 silly audit   'define-properties': [ '1.2.1' ],
52 silly audit   dequal: [ '2.0.3' ],
52 silly audit   'detect-libc': [ '2.1.2' ],
52 silly audit   'detect-node-es': [ '1.1.0' ],
52 silly audit   devlop: [ '1.1.0' ],
52 silly audit   doctrine: [ '2.1.0' ],
52 silly audit   'dunder-proto': [ '1.0.1' ],
52 silly audit   'electron-to-chromium': [ '1.5.331' ],
52 silly audit   'emoji-regex': [ '9.2.2' ],
52 silly audit   'enhanced-resolve': [ '5.20.1' ],
52 silly audit   'es-abstract': [ '1.24.1' ],
52 silly audit   'es-define-property': [ '1.0.1' ],
52 silly audit   'es-errors': [ '1.3.0' ],
52 silly audit   'es-iterator-helpers': [ '1.3.1' ],
52 silly audit   'es-object-atoms': [ '1.1.1' ],
52 silly audit   'es-set-tostringtag': [ '2.1.0' ],
52 silly audit   'es-shim-unscopables': [ '1.1.0' ],
52 silly audit   'es-to-primitive': [ '1.3.0' ],
52 silly audit   'esast-util-from-estree': [ '2.0.0' ],
52 silly audit   'esast-util-from-js': [ '2.0.1' ],
52 silly audit   escalade: [ '3.2.0' ],
52 silly audit   'escape-string-regexp': [ '4.0.0' ],
52 silly audit   eslint: [ '9.39.4' ],
52 silly audit   'eslint-config-next': [ '16.2.2' ],
52 silly audit   globals: [ '16.4.0', '14.0.0' ],
52 silly audit   'eslint-import-resolver-node': [ '0.3.10' ],
52 silly audit   'eslint-import-resolver-typescript': [ '3.10.1' ],
52 silly audit   'eslint-module-utils': [ '2.12.1' ],
52 silly audit   'eslint-plugin-import': [ '2.32.0' ],
52 silly audit   'eslint-plugin-jsx-a11y': [ '6.10.2' ],
52 silly audit   'eslint-plugin-react': [ '7.37.5' ],
52 silly audit   'eslint-plugin-react-hooks': [ '7.0.1' ],
52 silly audit   'eslint-scope': [ '8.4.0' ],
52 silly audit   espree: [ '10.4.0' ],
52 silly audit   esprima: [ '4.0.1' ],
52 silly audit   esquery: [ '1.7.0' ],
52 silly audit   esrecurse: [ '4.3.0' ],
52 silly audit   estraverse: [ '5.3.0' ],
52 silly audit   'estree-util-attach-comments': [ '3.0.0' ],
52 silly audit   'estree-util-build-jsx': [ '3.0.1' ],
52 silly audit   'estree-util-is-identifier-name': [ '3.0.0' ],
52 silly audit   'estree-util-scope': [ '1.0.0' ],
52 silly audit   'estree-util-to-js': [ '2.0.0' ],
52 silly audit   'estree-util-visit': [ '2.0.0' ],
52 silly audit   'estree-walker': [ '3.0.3' ],
52 silly audit   esutils: [ '2.0.3' ],
52 silly audit   extend: [ '3.0.2' ],
52 silly audit   'extend-shallow': [ '2.0.1' ],
52 silly audit   'fast-deep-equal': [ '3.1.3' ],
52 silly audit   'fast-glob': [ '3.3.1' ],
52 silly audit   'glob-parent': [ '5.1.2', '6.0.2' ],
52 silly audit   'fast-json-stable-stringify': [ '2.1.0' ],
52 silly audit   'fast-levenshtein': [ '2.0.6' ],
52 silly audit   fastq: [ '1.20.1' ],
52 silly audit   'file-entry-cache': [ '8.0.0' ],
52 silly audit   'fill-range': [ '7.1.1' ],
52 silly audit   'find-up': [ '5.0.0' ],
52 silly audit   'flat-cache': [ '4.0.1' ],
52 silly audit   flatted: [ '3.4.2' ],
52 silly audit   'for-each': [ '0.3.5' ],
52 silly audit   'framer-motion': [ '12.38.0' ],
52 silly audit   'function-bind': [ '1.1.2' ],
52 silly audit   'function.prototype.name': [ '1.1.8' ],
52 silly audit   'functions-have-names': [ '1.2.3' ],
52 silly audit   geist: [ '1.7.0' ],
52 silly audit   'generator-function': [ '2.0.1' ],
52 silly audit   gensync: [ '1.0.0-beta.2' ],
52 silly audit   'get-intrinsic': [ '1.3.0' ],
52 silly audit   'get-nonce': [ '1.0.1' ],
52 silly audit   'get-proto': [ '1.0.1' ],
52 silly audit   'get-symbol-description': [ '1.1.0' ],
52 silly audit   'get-tsconfig': [ '4.13.7' ],
52 silly audit   'github-slugger': [ '2.0.0' ],
52 silly audit   globalthis: [ '1.0.4' ],
52 silly audit   gopd: [ '1.2.0' ],
52 silly audit   'graceful-fs': [ '4.2.11' ],
52 silly audit   'gray-matter': [ '4.0.3' ],
52 silly audit   'js-yaml': [ '3.14.2', '4.1.1' ],
52 silly audit   'has-bigints': [ '1.1.0' ],
52 silly audit   'has-flag': [ '4.0.0' ],
52 silly audit   'has-property-descriptors': [ '1.0.2' ],
52 silly audit   'has-proto': [ '1.2.0' ],
52 silly audit   'has-symbols': [ '1.1.0' ],
52 silly audit   'has-tostringtag': [ '1.0.2' ],
52 silly audit   hasown: [ '2.0.2' ],
52 silly audit   'hast-util-heading-rank': [ '3.0.0' ],
52 silly audit   'hast-util-is-element': [ '3.0.0' ],
52 silly audit   'hast-util-to-estree': [ '3.1.3' ],
52 silly audit   'hast-util-to-jsx-runtime': [ '2.3.6' ],
52 silly audit   'hast-util-to-string': [ '3.0.1' ],
52 silly audit   'hast-util-to-text': [ '4.0.2' ],
52 silly audit   'hast-util-whitespace': [ '3.0.0' ],
52 silly audit   'hermes-estree': [ '0.25.1' ],
52 silly audit   'hermes-parser': [ '0.25.1' ],
52 silly audit   'highlight.js': [ '11.11.1' ],
52 silly audit   'import-fresh': [ '3.3.1' ],
52 silly audit   imurmurhash: [ '0.1.4' ],
52 silly audit   'inline-style-parser': [ '0.2.7' ],
52 silly audit   'internal-slot': [ '1.1.0' ],
52 silly audit   'is-alphabetical': [ '2.0.1' ],
52 silly audit   'is-alphanumerical': [ '2.0.1' ],
52 silly audit   'is-array-buffer': [ '3.0.5' ],
52 silly audit   'is-async-function': [ '2.1.1' ],
52 silly audit   'is-bigint': [ '1.1.0' ],
52 silly audit   'is-boolean-object': [ '1.2.2' ],
52 silly audit   'is-bun-module': [ '2.0.0' ],
52 silly audit   'is-callable': [ '1.2.7' ],
52 silly audit   'is-core-module': [ '2.16.1' ],
52 silly audit   'is-data-view': [ '1.0.2' ],
52 silly audit   'is-date-object': [ '1.1.0' ],
52 silly audit   'is-decimal': [ '2.0.1' ],
52 silly audit   'is-extendable': [ '0.1.1' ],
52 silly audit   'is-extglob': [ '2.1.1' ],
52 silly audit   'is-finalizationregistry': [ '1.1.1' ],
52 silly audit   'is-generator-function': [ '1.1.2' ],
52 silly audit   'is-glob': [ '4.0.3' ],
52 silly audit   'is-hexadecimal': [ '2.0.1' ],
52 silly audit   'is-map': [ '2.0.3' ],
52 silly audit   'is-negative-zero': [ '2.0.3' ],
52 silly audit   'is-number': [ '7.0.0' ],
52 silly audit   'is-number-object': [ '1.1.1' ],
52 silly audit   'is-plain-obj': [ '4.1.0' ],
52 silly audit   'is-regex': [ '1.2.1' ],
52 silly audit   'is-set': [ '2.0.3' ],
52 silly audit   'is-shared-array-buffer': [ '1.0.4' ],
52 silly audit   'is-string': [ '1.1.1' ],
52 silly audit   'is-symbol': [ '1.1.1' ],
52 silly audit   'is-typed-array': [ '1.1.15' ],
52 silly audit   'is-weakmap': [ '2.0.2' ],
52 silly audit   'is-weakref': [ '1.1.1' ],
52 silly audit   'is-weakset': [ '2.0.4' ],
52 silly audit   isarray: [ '2.0.5' ],
52 silly audit   isexe: [ '2.0.0' ],
52 silly audit   'iterator.prototype': [ '1.1.5' ],
52 silly audit   jiti: [ '2.6.1' ],
52 silly audit   'js-tokens': [ '4.0.0' ],
52 silly audit   jsesc: [ '3.1.0' ],
52 silly audit   'json-buffer': [ '3.0.1' ],
52 silly audit   'json-schema-traverse': [ '0.4.1' ],
52 silly audit   'json-stable-stringify-without-jsonify': [ '1.0.1' ],
52 silly audit   json5: [ '2.2.3', '1.0.2' ],
52 silly audit   'jsx-ast-utils': [ '3.3.5' ],
52 silly audit   keyv: [ '4.5.4' ],
52 silly audit   'kind-of': [ '6.0.3' ],
52 silly audit   'language-subtag-registry': [ '0.3.23' ],
52 silly audit   'language-tags': [ '1.0.9' ],
52 silly audit   levn: [ '0.4.1' ],
52 silly audit   lightningcss: [ '1.32.0' ],
52 silly audit   'lightningcss-android-arm64': [ '1.32.0' ],
52 silly audit   'lightningcss-darwin-arm64': [ '1.32.0' ],
52 silly audit   'lightningcss-darwin-x64': [ '1.32.0' ],
52 silly audit   'lightningcss-freebsd-x64': [ '1.32.0' ],
52 silly audit   'lightningcss-linux-arm-gnueabihf': [ '1.32.0' ],
52 silly audit   'lightningcss-linux-arm64-gnu': [ '1.32.0' ],
52 silly audit   'lightningcss-linux-arm64-musl': [ '1.32.0' ],
52 silly audit   'lightningcss-linux-x64-gnu': [ '1.32.0' ],
52 silly audit   'lightningcss-linux-x64-musl': [ '1.32.0' ],
52 silly audit   'lightningcss-win32-arm64-msvc': [ '1.32.0' ],
52 silly audit   'lightningcss-win32-x64-msvc': [ '1.32.0' ],
52 silly audit   'locate-path': [ '6.0.0' ],
52 silly audit   'lodash.merge': [ '4.6.2' ],
52 silly audit   'longest-streak': [ '3.1.0' ],
52 silly audit   'loose-envify': [ '1.4.0' ],
52 silly audit   lowlight: [ '3.3.0' ],
52 silly audit   'lru-cache': [ '5.1.1' ],
52 silly audit   'lucide-react': [ '1.7.0' ],
52 silly audit   'magic-string': [ '0.30.21' ],
52 silly audit   'markdown-extensions': [ '2.0.0' ],
52 silly audit   'math-intrinsics': [ '1.1.0' ],
52 silly audit   'mdast-util-from-markdown': [ '2.0.3' ],
52 silly audit   'mdast-util-mdx': [ '3.0.0' ],
52 silly audit   'mdast-util-mdx-expression': [ '2.0.1' ],
52 silly audit   'mdast-util-mdx-jsx': [ '3.2.0' ],
52 silly audit   'mdast-util-mdxjs-esm': [ '2.0.1' ],
52 silly audit   'mdast-util-phrasing': [ '4.1.0' ],
52 silly audit   'mdast-util-to-hast': [ '13.2.1' ],
52 silly audit   'mdast-util-to-markdown': [ '2.1.2' ],
52 silly audit   'mdast-util-to-string': [ '4.0.0' ],
52 silly audit   merge2: [ '1.4.1' ],
52 silly audit   micromark: [ '4.0.2' ],
52 silly audit   'micromark-core-commonmark': [ '2.0.3' ],
52 silly audit   'micromark-extension-mdx-expression': [ '3.0.1' ],
52 silly audit   'micromark-extension-mdx-jsx': [ '3.0.2' ],
52 silly audit   'micromark-extension-mdx-md': [ '2.0.0' ],
52 silly audit   'micromark-extension-mdxjs': [ '3.0.0' ],
52 silly audit   'micromark-extension-mdxjs-esm': [ '3.0.0' ],
52 silly audit   'micromark-factory-destination': [ '2.0.1' ],
52 silly audit   'micromark-factory-label': [ '2.0.1' ],
52 silly audit   'micromark-factory-mdx-expression': [ '2.0.3' ],
52 silly audit   'micromark-factory-space': [ '2.0.1' ],
52 silly audit   'micromark-factory-title': [ '2.0.1' ],
52 silly audit   'micromark-factory-whitespace': [ '2.0.1' ],
52 silly audit   'micromark-util-character': [ '2.1.1' ],
52 silly audit   'micromark-util-chunked': [ '2.0.1' ],
52 silly audit   'micromark-util-classify-character': [ '2.0.1' ],
52 silly audit   'micromark-util-combine-extensions': [ '2.0.1' ],
52 silly audit   'micromark-util-decode-numeric-character-reference': [ '2.0.2' ],
52 silly audit   'micromark-util-decode-string': [ '2.0.1' ],
52 silly audit   'micromark-util-encode': [ '2.0.1' ],
52 silly audit   'micromark-util-events-to-acorn': [ '2.0.3' ],
52 silly audit   'micromark-util-html-tag-name': [ '2.0.1' ],
52 silly audit   'micromark-util-normalize-identifier': [ '2.0.1' ],
52 silly audit   'micromark-util-resolve-all': [ '2.0.1' ],
52 silly audit   'micromark-util-sanitize-uri': [ '2.0.1' ],
52 silly audit   'micromark-util-subtokenize': [ '2.1.0' ],
52 silly audit   'micromark-util-symbol': [ '2.0.1' ],
52 silly audit   'micromark-util-types': [ '2.0.2' ],
52 silly audit   micromatch: [ '4.0.8' ],
52 silly audit   minimist: [ '1.2.8' ],
52 silly audit   'motion-dom': [ '12.38.0' ],
52 silly audit   'motion-utils': [ '12.36.0' ],
52 silly audit   ms: [ '2.1.3' ],
52 silly audit   nanoid: [ '3.3.11' ],
52 silly audit   'napi-postinstall': [ '0.3.4' ],
52 silly audit   'natural-compare': [ '1.4.0' ],
52 silly audit   next: [ '16.2.2' ],
52 silly audit   'next-themes': [ '0.4.6' ],
52 silly audit   postcss: [ '8.4.31', '8.5.8' ],
52 silly audit   'node-exports-info': [ '1.6.0' ],
52 silly audit   'node-releases': [ '2.0.37' ],
52 silly audit   'object-assign': [ '4.1.1' ],
52 silly audit   'object-inspect': [ '1.13.4' ],
52 silly audit   'object-keys': [ '1.1.1' ],
52 silly audit   'object.assign': [ '4.1.7' ],
52 silly audit   'object.entries': [ '1.1.9' ],
52 silly audit   'object.fromentries': [ '2.0.8' ],
52 silly audit   'object.groupby': [ '1.0.3' ],
52 silly audit   'object.values': [ '1.2.1' ],
52 silly audit   optionator: [ '0.9.4' ],
52 silly audit   'own-keys': [ '1.0.1' ],
52 silly audit   'p-limit': [ '3.1.0' ],
52 silly audit   'p-locate': [ '5.0.0' ],
52 silly audit   'parent-module': [ '1.0.1' ],
52 silly audit   'parse-entities': [ '4.0.2' ],
52 silly audit   'path-exists': [ '4.0.0' ],
52 silly audit   'path-key': [ '3.1.1' ],
52 silly audit   'path-parse': [ '1.0.7' ],
52 silly audit   picocolors: [ '1.1.1' ],
52 silly audit   picomatch: [ '2.3.2', '4.0.4' ],
52 silly audit   'possible-typed-array-names': [ '1.1.0' ],
52 silly audit   'prelude-ls': [ '1.2.1' ],
52 silly audit   'prop-types': [ '15.8.1' ],
52 silly audit   'property-information': [ '7.1.0' ],
52 silly audit   punycode: [ '2.3.1' ],
52 silly audit   'queue-microtask': [ '1.2.3' ],
52 silly audit   react: [ '19.2.4' ],
52 silly audit   'react-dom': [ '19.2.4' ],
52 silly audit   'react-is': [ '16.13.1' ],
52 silly audit   'react-remove-scroll': [ '2.7.2' ],
52 silly audit   'react-remove-scroll-bar': [ '2.3.8' ],
52 silly audit   'react-style-singleton': [ '2.2.3' ],
52 silly audit   'reading-time': [ '1.5.0' ],
52 silly audit   'recma-build-jsx': [ '1.0.0' ],
52 silly audit   'recma-jsx': [ '1.0.1' ],
52 silly audit   'recma-parse': [ '1.0.0' ],
52 silly audit   'recma-stringify': [ '1.0.0' ],
52 silly audit   'reflect.getprototypeof': [ '1.0.10' ],
52 silly audit   'regexp.prototype.flags': [ '1.5.4' ],
52 silly audit   'rehype-autolink-headings': [ '7.1.0' ],
52 silly audit   'rehype-highlight': [ '7.0.2' ],
52 silly audit   'rehype-recma': [ '1.0.0' ],
52 silly audit   'rehype-slug': [ '6.0.0' ],
52 silly audit   'remark-mdx': [ '3.1.1' ],
52 silly audit   'remark-parse': [ '11.0.0' ],
52 silly audit   'remark-rehype': [ '11.1.2' ],
52 silly audit   resolve: [ '2.0.0-next.6' ],
52 silly audit   'resolve-from': [ '4.0.0' ],
52 silly audit   'resolve-pkg-maps': [ '1.0.0' ],
52 silly audit   reusify: [ '1.1.0' ],
52 silly audit   'run-parallel': [ '1.2.0' ],
52 silly audit   'safe-array-concat': [ '1.1.3' ],
52 silly audit   'safe-push-apply': [ '1.0.0' ],
52 silly audit   'safe-regex-test': [ '1.1.0' ],
52 silly audit   scheduler: [ '0.27.0' ],
52 silly audit   'section-matter': [ '1.0.0' ],
52 silly audit   'set-function-length': [ '1.2.2' ],
52 silly audit   'set-function-name': [ '2.0.2' ],
52 silly audit   'set-proto': [ '1.0.0' ],
52 silly audit   sharp: [ '0.34.5' ],
52 silly audit   'shebang-command': [ '2.0.0' ],
52 silly audit   'shebang-regex': [ '3.0.0' ],
52 silly audit   'side-channel': [ '1.1.0' ],
52 silly audit   'side-channel-list': [ '1.0.0' ],
52 silly audit   'side-channel-map': [ '1.0.1' ],
52 silly audit   'side-channel-weakmap': [ '1.0.2' ],
52 silly audit   'source-map': [ '0.7.6' ],
52 silly audit   'source-map-js': [ '1.2.1' ],
52 silly audit   'space-separated-tokens': [ '2.0.2' ],
52 silly audit   'sprintf-js': [ '1.0.3' ],
52 silly audit   'stable-hash': [ '0.0.5' ],
52 silly audit   'stop-iteration-iterator': [ '1.1.0' ],
52 silly audit   'string.prototype.includes': [ '2.0.1' ],
52 silly audit   'string.prototype.matchall': [ '4.0.12' ],
52 silly audit   'string.prototype.repeat': [ '1.0.0' ],
52 silly audit   'string.prototype.trim': [ '1.2.10' ],
52 silly audit   'string.prototype.trimend': [ '1.0.9' ],
52 silly audit   'string.prototype.trimstart': [ '1.0.8' ],
52 silly audit   'stringify-entities': [ '4.0.4' ],
52 silly audit   'strip-bom': [ '3.0.0' ],
52 silly audit   'strip-bom-string': [ '1.0.0' ],
52 silly audit   'strip-json-comments': [ '3.1.1' ],
52 silly audit   'style-to-js': [ '1.1.21' ],
52 silly audit   'style-to-object': [ '1.0.14' ],
52 silly audit   'styled-jsx': [ '5.1.6' ],
52 silly audit   'supports-color': [ '7.2.0' ],
52 silly audit   'supports-preserve-symlinks-flag': [ '1.0.0' ],
52 silly audit   'tailwind-merge': [ '3.5.0' ],
52 silly audit   tailwindcss: [ '4.2.2' ],
52 silly audit   tapable: [ '2.3.2' ],
52 silly audit   tinyglobby: [ '0.2.15' ],
52 silly audit   fdir: [ '6.5.0' ],
52 silly audit   'to-regex-range': [ '5.0.1' ],
52 silly audit   'trim-lines': [ '3.0.1' ],
52 silly audit   trough: [ '2.2.0' ],
52 silly audit   'ts-api-utils': [ '2.5.0' ],
52 silly audit   'tsconfig-paths': [ '3.15.0' ],
52 silly audit   tslib: [ '2.8.1' ],
52 silly audit   'type-check': [ '0.4.0' ],
52 silly audit   'typed-array-buffer': [ '1.0.3' ],
52 silly audit   'typed-array-byte-length': [ '1.0.3' ],
52 silly audit   'typed-array-byte-offset': [ '1.0.4' ],
52 silly audit   'typed-array-length': [ '1.0.7' ],
52 silly audit   typescript: [ '5.9.3' ],
52 silly audit   'typescript-eslint': [ '8.58.0' ],
52 silly audit   'unbox-primitive': [ '1.1.0' ],
52 silly audit   'undici-types': [ '6.21.0' ],
52 silly audit   unified: [ '11.0.5' ],
52 silly audit   'unist-util-find-after': [ '5.0.0' ],
52 silly audit   'unist-util-is': [ '6.0.1' ],
52 silly audit   'unist-util-position': [ '5.0.0' ],
52 silly audit   'unist-util-position-from-estree': [ '2.0.0' ],
52 silly audit   'unist-util-stringify-position': [ '4.0.0' ],
52 silly audit   'unist-util-visit': [ '5.1.0' ],
52 silly audit   'unist-util-visit-parents': [ '6.0.2' ],
52 silly audit   'unrs-resolver': [ '1.11.1' ],
52 silly audit   'update-browserslist-db': [ '1.2.3' ],
52 silly audit   'uri-js': [ '4.4.1' ],
52 silly audit   'use-callback-ref': [ '1.3.3' ],
52 silly audit   'use-sidecar': [ '1.1.3' ],
52 silly audit   vfile: [ '6.0.3' ],
52 silly audit   'vfile-message': [ '4.0.3' ],
52 silly audit   which: [ '2.0.2' ],
52 silly audit   'which-boxed-primitive': [ '1.1.1' ],
52 silly audit   'which-builtin-type': [ '1.2.1' ],
52 silly audit   'which-collection': [ '1.0.2' ],
52 silly audit   'which-typed-array': [ '1.1.20' ],
52 silly audit   'word-wrap': [ '1.2.5' ],
52 silly audit   yallist: [ '3.1.1' ],
52 silly audit   'yocto-queue': [ '0.1.0' ],
52 silly audit   zod: [ '4.3.6' ],
52 silly audit   'zod-validation-error': [ '4.0.2' ],
52 silly audit   zwitch: [ '2.0.4' ],
52 silly audit   'next-seo': [ '7.2.0' ],
52 silly audit   '@tailwindcss/oxide-wasm32-wasi': [ '4.2.2' ]
52 silly audit }
53 verbose reify failed optional dependency /Users/md.khaledbin/Desktop/mdkhaledbin.github.io/node_modules/lightningcss-win32-x64-msvc
54 silly reify mark deleted [
54 silly reify   '/Users/md.khaledbin/Desktop/mdkhaledbin.github.io/node_modules/lightningcss-win32-x64-msvc'
54 silly reify ]
55 verbose reify failed optional dependency /Users/md.khaledbin/Desktop/mdkhaledbin.github.io/node_modules/lightningcss-win32-arm64-msvc
56 silly reify mark deleted [
56 silly reify   '/Users/md.khaledbin/Desktop/mdkhaledbin.github.io/node_modules/lightningcss-win32-arm64-msvc'
56 silly reify ]
57 verbose reify failed optional dependency /Users/md.khaledbin/Desktop/mdkhaledbin.github.io/node_modules/lightningcss-linux-x64-musl
58 silly reify mark deleted [
58 silly reify   '/Users/md.khaledbin/Desktop/mdkhaledbin.github.io/node_modules/lightningcss-linux-x64-musl'
58 silly reify ]
59 verbose reify failed optional dependency /Users/md.khaledbin/Desktop/mdkhaledbin.github.io/node_modules/lightningcss-linux-x64-gnu
60 silly reify mark deleted [
60 silly reify   '/Users/md.khaledbin/Desktop/mdkhaledbin.github.io/node_modules/lightningcss-linux-x64-gnu'
60 silly reify ]
61 verbose reify failed optional dependency /Users/md.khaledbin/Desktop/mdkhaledbin.github.io/node_modules/lightningcss-linux-arm64-musl
62 silly reify mark deleted [
62 silly reify   '/Users/md.khaledbin/Desktop/mdkhaledbin.github.io/node_modules/lightningcss-linux-arm64-musl'
62 silly reify ]
63 verbose reify failed optional dependency /Users/md.khaledbin/Desktop/mdkhaledbin.github.io/node_modules/lightningcss-linux-arm64-gnu
64 silly reify mark deleted [
64 silly reify   '/Users/md.khaledbin/Desktop/mdkhaledbin.github.io/node_modules/lightningcss-linux-arm64-gnu'
64 silly reify ]
65 verbose reify failed optional dependency /Users/md.khaledbin/Desktop/mdkhaledbin.github.io/node_modules/lightningcss-linux-arm-gnueabihf
66 silly reify mark deleted [
66 silly reify   '/Users/md.khaledbin/Desktop/mdkhaledbin.github.io/node_modules/lightningcss-linux-arm-gnueabihf'
66 silly reify ]
67 verbose reify failed optional dependency /Users/md.khaledbin/Desktop/mdkhaledbin.github.io/node_modules/lightningcss-freebsd-x64
68 silly reify mark deleted [
68 silly reify   '/Users/md.khaledbin/Desktop/mdkhaledbin.github.io/node_modules/lightningcss-freebsd-x64'
68 silly reify ]
69 verbose reify failed optional dependency /Users/md.khaledbin/Desktop/mdkhaledbin.github.io/node_modules/lightningcss-darwin-x64
70 silly reify mark deleted [
70 silly reify   '/Users/md.khaledbin/Desktop/mdkhaledbin.github.io/node_modules/lightningcss-darwin-x64'
70 silly reify ]
71 verbose reify failed optional dependency /Users/md.khaledbin/Desktop/mdkhaledbin.github.io/node_modules/lightningcss-android-arm64
72 silly reify mark deleted [
72 silly reify   '/Users/md.khaledbin/Desktop/mdkhaledbin.github.io/node_modules/lightningcss-android-arm64'
72 silly reify ]
73 verbose reify failed optional dependency /Users/md.khaledbin/Desktop/mdkhaledbin.github.io/node_modules/@unrs/resolver-binding-win32-x64-msvc
74 silly reify mark deleted [
74 silly reify   '/Users/md.khaledbin/Desktop/mdkhaledbin.github.io/node_modules/@unrs/resolver-binding-win32-x64-msvc'
74 silly reify ]
75 verbose reify failed optional dependency /Users/md.khaledbin/Desktop/mdkhaledbin.github.io/node_modules/@unrs/resolver-binding-win32-ia32-msvc
76 silly reify mark deleted [
76 silly reify   '/Users/md.khaledbin/Desktop/mdkhaledbin.github.io/node_modules/@unrs/resolver-binding-win32-ia32-msvc'
76 silly reify ]
77 verbose reify failed optional dependency /Users/md.khaledbin/Desktop/mdkhaledbin.github.io/node_modules/@unrs/resolver-binding-win32-arm64-msvc
78 silly reify mark deleted [
78 silly reify   '/Users/md.khaledbin/Desktop/mdkhaledbin.github.io/node_modules/@unrs/resolver-binding-win32-arm64-msvc'
78 silly reify ]
79 verbose reify failed optional dependency /Users/md.khaledbin/Desktop/mdkhaledbin.github.io/node_modules/@unrs/resolver-binding-wasm32-wasi
80 silly reify mark deleted [
80 silly reify   '/Users/md.khaledbin/Desktop/mdkhaledbin.github.io/node_modules/@unrs/resolver-binding-wasm32-wasi'
80 silly reify ]
81 verbose reify failed optional dependency /Users/md.khaledbin/Desktop/mdkhaledbin.github.io/node_modules/@unrs/resolver-binding-linux-x64-musl
82 silly reify mark deleted [
82 silly reify   '/Users/md.khaledbin/Desktop/mdkhaledbin.github.io/node_modules/@unrs/resolver-binding-linux-x64-musl'
82 silly reify ]
83 verbose reify failed optional dependency /Users/md.khaledbin/Desktop/mdkhaledbin.github.io/node_modules/@unrs/resolver-binding-linux-x64-gnu
84 silly reify mark deleted [
84 silly reify   '/Users/md.khaledbin/Desktop/mdkhaledbin.github.io/node_modules/@unrs/resolver-binding-linux-x64-gnu'
84 silly reify ]
85 verbose reify failed optional dependency /Users/md.khaledbin/Desktop/mdkhaledbin.github.io/node_modules/@unrs/resolver-binding-linux-s390x-gnu
86 silly reify mark deleted [
86 silly reify   '/Users/md.khaledbin/Desktop/mdkhaledbin.github.io/node_modules/@unrs/resolver-binding-linux-s390x-gnu'
86 silly reify ]
87 verbose reify failed optional dependency /Users/md.khaledbin/Desktop/mdkhaledbin.github.io/node_modules/@unrs/resolver-binding-linux-riscv64-musl
88 silly reify mark deleted [
88 silly reify   '/Users/md.khaledbin/Desktop/mdkhaledbin.github.io/node_modules/@unrs/resolver-binding-linux-riscv64-musl'
88 silly reify ]
89 verbose reify failed optional dependency /Users/md.khaledbin/Desktop/mdkhaledbin.github.io/node_modules/@unrs/resolver-binding-linux-riscv64-gnu
90 silly reify mark deleted [
90 silly reify   '/Users/md.khaledbin/Desktop/mdkhaledbin.github.io/node_modules/@unrs/resolver-binding-linux-riscv64-gnu'
90 silly reify ]
91 verbose reify failed optional dependency /Users/md.khaledbin/Desktop/mdkhaledbin.github.io/node_modules/@unrs/resolver-binding-linux-ppc64-gnu
92 silly reify mark deleted [
92 silly reify   '/Users/md.khaledbin/Desktop/mdkhaledbin.github.io/node_modules/@unrs/resolver-binding-linux-ppc64-gnu'
92 silly reify ]
93 verbose reify failed optional dependency /Users/md.khaledbin/Desktop/mdkhaledbin.github.io/node_modules/@unrs/resolver-binding-linux-arm64-musl
94 silly reify mark deleted [
94 silly reify   '/Users/md.khaledbin/Desktop/mdkhaledbin.github.io/node_modules/@unrs/resolver-binding-linux-arm64-musl'
94 silly reify ]
95 verbose reify failed optional dependency /Users/md.khaledbin/Desktop/mdkhaledbin.github.io/node_modules/@unrs/resolver-binding-linux-arm64-gnu
96 silly reify mark deleted [
96 silly reify   '/Users/md.khaledbin/Desktop/mdkhaledbin.github.io/node_modules/@unrs/resolver-binding-linux-arm64-gnu'
96 silly reify ]
97 verbose reify failed optional dependency /Users/md.khaledbin/Desktop/mdkhaledbin.github.io/node_modules/@unrs/resolver-binding-linux-arm-musleabihf
98 silly reify mark deleted [
98 silly reify   '/Users/md.khaledbin/Desktop/mdkhaledbin.github.io/node_modules/@unrs/resolver-binding-linux-arm-musleabihf'
98 silly reify ]
99 verbose reify failed optional dependency /Users/md.khaledbin/Desktop/mdkhaledbin.github.io/node_modules/@unrs/resolver-binding-linux-arm-gnueabihf
100 silly reify mark deleted [
100 silly reify   '/Users/md.khaledbin/Desktop/mdkhaledbin.github.io/node_modules/@unrs/resolver-binding-linux-arm-gnueabihf'
100 silly reify ]
101 verbose reify failed optional dependency /Users/md.khaledbin/Desktop/mdkhaledbin.github.io/node_modules/@unrs/resolver-binding-freebsd-x64
102 silly reify mark deleted [
102 silly reify   '/Users/md.khaledbin/Desktop/mdkhaledbin.github.io/node_modules/@unrs/resolver-binding-freebsd-x64'
102 silly reify ]
103 verbose reify failed optional dependency /Users/md.khaledbin/Desktop/mdkhaledbin.github.io/node_modules/@unrs/resolver-binding-darwin-x64
104 silly reify mark deleted [
104 silly reify   '/Users/md.khaledbin/Desktop/mdkhaledbin.github.io/node_modules/@unrs/resolver-binding-darwin-x64'
104 silly reify ]
105 verbose reify failed optional dependency /Users/md.khaledbin/Desktop/mdkhaledbin.github.io/node_modules/@unrs/resolver-binding-android-arm64
106 silly reify mark deleted [
106 silly reify   '/Users/md.khaledbin/Desktop/mdkhaledbin.github.io/node_modules/@unrs/resolver-binding-android-arm64'
106 silly reify ]
107 verbose reify failed optional dependency /Users/md.khaledbin/Desktop/mdkhaledbin.github.io/node_modules/@unrs/resolver-binding-android-arm-eabi
108 silly reify mark deleted [
108 silly reify   '/Users/md.khaledbin/Desktop/mdkhaledbin.github.io/node_modules/@unrs/resolver-binding-android-arm-eabi'
108 silly reify ]
109 verbose reify failed optional dependency /Users/md.khaledbin/Desktop/mdkhaledbin.github.io/node_modules/@tailwindcss/oxide-win32-x64-msvc
110 silly reify mark deleted [
110 silly reify   '/Users/md.khaledbin/Desktop/mdkhaledbin.github.io/node_modules/@tailwindcss/oxide-win32-x64-msvc'
110 silly reify ]
111 verbose reify failed optional dependency /Users/md.khaledbin/Desktop/mdkhaledbin.github.io/node_modules/@tailwindcss/oxide-win32-arm64-msvc
112 silly reify mark deleted [
112 silly reify   '/Users/md.khaledbin/Desktop/mdkhaledbin.github.io/node_modules/@tailwindcss/oxide-win32-arm64-msvc'
112 silly reify ]
113 verbose reify failed optional dependency /Users/md.khaledbin/Desktop/mdkhaledbin.github.io/node_modules/@tailwindcss/oxide-linux-x64-musl
114 silly reify mark deleted [
114 silly reify   '/Users/md.khaledbin/Desktop/mdkhaledbin.github.io/node_modules/@tailwindcss/oxide-linux-x64-musl'
114 silly reify ]
115 verbose reify failed optional dependency /Users/md.khaledbin/Desktop/mdkhaledbin.github.io/node_modules/@tailwindcss/oxide-linux-x64-gnu
116 silly reify mark deleted [
116 silly reify   '/Users/md.khaledbin/Desktop/mdkhaledbin.github.io/node_modules/@tailwindcss/oxide-linux-x64-gnu'
116 silly reify ]
117 verbose reify failed optional dependency /Users/md.khaledbin/Desktop/mdkhaledbin.github.io/node_modules/@tailwindcss/oxide-linux-arm64-musl
118 silly reify mark deleted [
118 silly reify   '/Users/md.khaledbin/Desktop/mdkhaledbin.github.io/node_modules/@tailwindcss/oxide-linux-arm64-musl'
118 silly reify ]
119 verbose reify failed optional dependency /Users/md.khaledbin/Desktop/mdkhaledbin.github.io/node_modules/@tailwindcss/oxide-linux-arm64-gnu
120 silly reify mark deleted [
120 silly reify   '/Users/md.khaledbin/Desktop/mdkhaledbin.github.io/node_modules/@tailwindcss/oxide-linux-arm64-gnu'
120 silly reify ]
121 verbose reify failed optional dependency /Users/md.khaledbin/Desktop/mdkhaledbin.github.io/node_modules/@tailwindcss/oxide-linux-arm-gnueabihf
122 silly reify mark deleted [
122 silly reify   '/Users/md.khaledbin/Desktop/mdkhaledbin.github.io/node_modules/@tailwindcss/oxide-linux-arm-gnueabihf'
122 silly reify ]
123 verbose reify failed optional dependency /Users/md.khaledbin/Desktop/mdkhaledbin.github.io/node_modules/@tailwindcss/oxide-freebsd-x64
124 silly reify mark deleted [
124 silly reify   '/Users/md.khaledbin/Desktop/mdkhaledbin.github.io/node_modules/@tailwindcss/oxide-freebsd-x64'
124 silly reify ]
125 verbose reify failed optional dependency /Users/md.khaledbin/Desktop/mdkhaledbin.github.io/node_modules/@tailwindcss/oxide-darwin-x64
126 silly reify mark deleted [
126 silly reify   '/Users/md.khaledbin/Desktop/mdkhaledbin.github.io/node_modules/@tailwindcss/oxide-darwin-x64'
126 silly reify ]
127 verbose reify failed optional dependency /Users/md.khaledbin/Desktop/mdkhaledbin.github.io/node_modules/@tailwindcss/oxide-android-arm64
128 silly reify mark deleted [
128 silly reify   '/Users/md.khaledbin/Desktop/mdkhaledbin.github.io/node_modules/@tailwindcss/oxide-android-arm64'
128 silly reify ]
129 verbose reify failed optional dependency /Users/md.khaledbin/Desktop/mdkhaledbin.github.io/node_modules/@next/swc-win32-x64-msvc
130 silly reify mark deleted [
130 silly reify   '/Users/md.khaledbin/Desktop/mdkhaledbin.github.io/node_modules/@next/swc-win32-x64-msvc'
130 silly reify ]
131 verbose reify failed optional dependency /Users/md.khaledbin/Desktop/mdkhaledbin.github.io/node_modules/@next/swc-win32-arm64-msvc
132 silly reify mark deleted [
132 silly reify   '/Users/md.khaledbin/Desktop/mdkhaledbin.github.io/node_modules/@next/swc-win32-arm64-msvc'
132 silly reify ]
133 verbose reify failed optional dependency /Users/md.khaledbin/Desktop/mdkhaledbin.github.io/node_modules/@next/swc-linux-x64-musl
134 silly reify mark deleted [
134 silly reify   '/Users/md.khaledbin/Desktop/mdkhaledbin.github.io/node_modules/@next/swc-linux-x64-musl'
134 silly reify ]
135 verbose reify failed optional dependency /Users/md.khaledbin/Desktop/mdkhaledbin.github.io/node_modules/@next/swc-linux-x64-gnu
136 silly reify mark deleted [
136 silly reify   '/Users/md.khaledbin/Desktop/mdkhaledbin.github.io/node_modules/@next/swc-linux-x64-gnu'
136 silly reify ]
137 verbose reify failed optional dependency /Users/md.khaledbin/Desktop/mdkhaledbin.github.io/node_modules/@next/swc-linux-arm64-musl
138 silly reify mark deleted [
138 silly reify   '/Users/md.khaledbin/Desktop/mdkhaledbin.github.io/node_modules/@next/swc-linux-arm64-musl'
138 silly reify ]
139 verbose reify failed optional dependency /Users/md.khaledbin/Desktop/mdkhaledbin.github.io/node_modules/@next/swc-linux-arm64-gnu
140 silly reify mark deleted [
140 silly reify   '/Users/md.khaledbin/Desktop/mdkhaledbin.github.io/node_modules/@next/swc-linux-arm64-gnu'
140 silly reify ]
141 verbose reify failed optional dependency /Users/md.khaledbin/Desktop/mdkhaledbin.github.io/node_modules/@next/swc-darwin-x64
142 silly reify mark deleted [
142 silly reify   '/Users/md.khaledbin/Desktop/mdkhaledbin.github.io/node_modules/@next/swc-darwin-x64'
142 silly reify ]
143 verbose reify failed optional dependency /Users/md.khaledbin/Desktop/mdkhaledbin.github.io/node_modules/@img/sharp-win32-x64
144 silly reify mark deleted [
144 silly reify   '/Users/md.khaledbin/Desktop/mdkhaledbin.github.io/node_modules/@img/sharp-win32-x64'
144 silly reify ]
145 verbose reify failed optional dependency /Users/md.khaledbin/Desktop/mdkhaledbin.github.io/node_modules/@img/sharp-win32-ia32
146 silly reify mark deleted [
146 silly reify   '/Users/md.khaledbin/Desktop/mdkhaledbin.github.io/node_modules/@img/sharp-win32-ia32'
146 silly reify ]
147 verbose reify failed optional dependency /Users/md.khaledbin/Desktop/mdkhaledbin.github.io/node_modules/@img/sharp-win32-arm64
148 silly reify mark deleted [
148 silly reify   '/Users/md.khaledbin/Desktop/mdkhaledbin.github.io/node_modules/@img/sharp-win32-arm64'
148 silly reify ]
149 verbose reify failed optional dependency /Users/md.khaledbin/Desktop/mdkhaledbin.github.io/node_modules/@img/sharp-wasm32
150 silly reify mark deleted [
150 silly reify   '/Users/md.khaledbin/Desktop/mdkhaledbin.github.io/node_modules/@img/sharp-wasm32'
150 silly reify ]
151 verbose reify failed optional dependency /Users/md.khaledbin/Desktop/mdkhaledbin.github.io/node_modules/@img/sharp-linuxmusl-x64
152 silly reify mark deleted [
152 silly reify   '/Users/md.khaledbin/Desktop/mdkhaledbin.github.io/node_modules/@img/sharp-linuxmusl-x64'
152 silly reify ]
153 verbose reify failed optional dependency /Users/md.khaledbin/Desktop/mdkhaledbin.github.io/node_modules/@img/sharp-linuxmusl-arm64
154 silly reify mark deleted [
154 silly reify   '/Users/md.khaledbin/Desktop/mdkhaledbin.github.io/node_modules/@img/sharp-linuxmusl-arm64'
154 silly reify ]
155 verbose reify failed optional dependency /Users/md.khaledbin/Desktop/mdkhaledbin.github.io/node_modules/@img/sharp-linux-x64
156 silly reify mark deleted [
156 silly reify   '/Users/md.khaledbin/Desktop/mdkhaledbin.github.io/node_modules/@img/sharp-linux-x64'
156 silly reify ]
157 verbose reify failed optional dependency /Users/md.khaledbin/Desktop/mdkhaledbin.github.io/node_modules/@img/sharp-linux-s390x
158 silly reify mark deleted [
158 silly reify   '/Users/md.khaledbin/Desktop/mdkhaledbin.github.io/node_modules/@img/sharp-linux-s390x'
158 silly reify ]
159 verbose reify failed optional dependency /Users/md.khaledbin/Desktop/mdkhaledbin.github.io/node_modules/@img/sharp-linux-riscv64
160 silly reify mark deleted [
160 silly reify   '/Users/md.khaledbin/Desktop/mdkhaledbin.github.io/node_modules/@img/sharp-linux-riscv64'
160 silly reify ]
161 verbose reify failed optional dependency /Users/md.khaledbin/Desktop/mdkhaledbin.github.io/node_modules/@img/sharp-linux-ppc64
162 silly reify mark deleted [
162 silly reify   '/Users/md.khaledbin/Desktop/mdkhaledbin.github.io/node_modules/@img/sharp-linux-ppc64'
162 silly reify ]
163 verbose reify failed optional dependency /Users/md.khaledbin/Desktop/mdkhaledbin.github.io/node_modules/@img/sharp-linux-arm64
164 silly reify mark deleted [
164 silly reify   '/Users/md.khaledbin/Desktop/mdkhaledbin.github.io/node_modules/@img/sharp-linux-arm64'
164 silly reify ]
165 verbose reify failed optional dependency /Users/md.khaledbin/Desktop/mdkhaledbin.github.io/node_modules/@img/sharp-linux-arm
166 silly reify mark deleted [
166 silly reify   '/Users/md.khaledbin/Desktop/mdkhaledbin.github.io/node_modules/@img/sharp-linux-arm'
166 silly reify ]
167 verbose reify failed optional dependency /Users/md.khaledbin/Desktop/mdkhaledbin.github.io/node_modules/@img/sharp-libvips-linuxmusl-x64
168 silly reify mark deleted [
168 silly reify   '/Users/md.khaledbin/Desktop/mdkhaledbin.github.io/node_modules/@img/sharp-libvips-linuxmusl-x64'
168 silly reify ]
169 verbose reify failed optional dependency /Users/md.khaledbin/Desktop/mdkhaledbin.github.io/node_modules/@img/sharp-libvips-linuxmusl-arm64
170 silly reify mark deleted [
170 silly reify   '/Users/md.khaledbin/Desktop/mdkhaledbin.github.io/node_modules/@img/sharp-libvips-linuxmusl-arm64'
170 silly reify ]
171 verbose reify failed optional dependency /Users/md.khaledbin/Desktop/mdkhaledbin.github.io/node_modules/@img/sharp-libvips-linux-x64
172 silly reify mark deleted [
172 silly reify   '/Users/md.khaledbin/Desktop/mdkhaledbin.github.io/node_modules/@img/sharp-libvips-linux-x64'
172 silly reify ]
173 verbose reify failed optional dependency /Users/md.khaledbin/Desktop/mdkhaledbin.github.io/node_modules/@img/sharp-libvips-linux-s390x
174 silly reify mark deleted [
174 silly reify   '/Users/md.khaledbin/Desktop/mdkhaledbin.github.io/node_modules/@img/sharp-libvips-linux-s390x'
174 silly reify ]
175 verbose reify failed optional dependency /Users/md.khaledbin/Desktop/mdkhaledbin.github.io/node_modules/@img/sharp-libvips-linux-riscv64
176 silly reify mark deleted [
176 silly reify   '/Users/md.khaledbin/Desktop/mdkhaledbin.github.io/node_modules/@img/sharp-libvips-linux-riscv64'
176 silly reify ]
177 verbose reify failed optional dependency /Users/md.khaledbin/Desktop/mdkhaledbin.github.io/node_modules/@img/sharp-libvips-linux-ppc64
178 silly reify mark deleted [
178 silly reify   '/Users/md.khaledbin/Desktop/mdkhaledbin.github.io/node_modules/@img/sharp-libvips-linux-ppc64'
178 silly reify ]
179 verbose reify failed optional dependency /Users/md.khaledbin/Desktop/mdkhaledbin.github.io/node_modules/@img/sharp-libvips-linux-arm64
180 silly reify mark deleted [
180 silly reify   '/Users/md.khaledbin/Desktop/mdkhaledbin.github.io/node_modules/@img/sharp-libvips-linux-arm64'
180 silly reify ]
181 verbose reify failed optional dependency /Users/md.khaledbin/Desktop/mdkhaledbin.github.io/node_modules/@img/sharp-libvips-linux-arm
182 silly reify mark deleted [
182 silly reify   '/Users/md.khaledbin/Desktop/mdkhaledbin.github.io/node_modules/@img/sharp-libvips-linux-arm'
182 silly reify ]
183 verbose reify failed optional dependency /Users/md.khaledbin/Desktop/mdkhaledbin.github.io/node_modules/@img/sharp-libvips-darwin-x64
184 silly reify mark deleted [
184 silly reify   '/Users/md.khaledbin/Desktop/mdkhaledbin.github.io/node_modules/@img/sharp-libvips-darwin-x64'
184 silly reify ]
185 verbose reify failed optional dependency /Users/md.khaledbin/Desktop/mdkhaledbin.github.io/node_modules/@img/sharp-darwin-x64
186 silly reify mark deleted [
186 silly reify   '/Users/md.khaledbin/Desktop/mdkhaledbin.github.io/node_modules/@img/sharp-darwin-x64'
186 silly reify ]
187 http cache next-seo@https://registry.npmjs.org/next-seo/-/next-seo-7.2.0.tgz 0ms (cache hit)
188 silly tarball no local data for next-seo@https://registry.npmjs.org/next-seo/-/next-seo-7.2.0.tgz. Extracting by manifest.
189 http fetch GET 200 https://registry.npmjs.org/next-seo/-/next-seo-7.2.0.tgz 88ms (cache miss)
190 http fetch POST 200 https://registry.npmjs.org/-/npm/v1/security/advisories/bulk 313ms
191 silly audit report {}
192 silly ADD node_modules/next-seo
193 silly ADD node_modules/lightningcss-win32-x64-msvc
194 silly ADD node_modules/lightningcss-win32-arm64-msvc
195 silly ADD node_modules/lightningcss-linux-x64-musl
196 silly ADD node_modules/lightningcss-linux-x64-gnu
197 silly ADD node_modules/lightningcss-linux-arm64-musl
198 silly ADD node_modules/lightningcss-linux-arm64-gnu
199 silly ADD node_modules/lightningcss-linux-arm-gnueabihf
200 silly ADD node_modules/lightningcss-freebsd-x64
201 silly ADD node_modules/lightningcss-darwin-x64
202 silly ADD node_modules/lightningcss-android-arm64
203 silly ADD node_modules/@unrs/resolver-binding-win32-x64-msvc
204 silly ADD node_modules/@unrs/resolver-binding-win32-ia32-msvc
205 silly ADD node_modules/@unrs/resolver-binding-win32-arm64-msvc
206 silly ADD node_modules/@unrs/resolver-binding-wasm32-wasi
207 silly ADD node_modules/@unrs/resolver-binding-linux-x64-musl
208 silly ADD node_modules/@unrs/resolver-binding-linux-x64-gnu
209 silly ADD node_modules/@unrs/resolver-binding-linux-s390x-gnu
210 silly ADD node_modules/@unrs/resolver-binding-linux-riscv64-musl
211 silly ADD node_modules/@unrs/resolver-binding-linux-riscv64-gnu
212 silly ADD node_modules/@unrs/resolver-binding-linux-ppc64-gnu
213 silly ADD node_modules/@unrs/resolver-binding-linux-arm64-musl
214 silly ADD node_modules/@unrs/resolver-binding-linux-arm64-gnu
215 silly ADD node_modules/@unrs/resolver-binding-linux-arm-musleabihf
216 silly ADD node_modules/@unrs/resolver-binding-linux-arm-gnueabihf
217 silly ADD node_modules/@unrs/resolver-binding-freebsd-x64
218 silly ADD node_modules/@unrs/resolver-binding-darwin-x64
219 silly ADD node_modules/@unrs/resolver-binding-android-arm64
220 silly ADD node_modules/@unrs/resolver-binding-android-arm-eabi
221 silly ADD node_modules/@tailwindcss/oxide-win32-x64-msvc
222 silly ADD node_modules/@tailwindcss/oxide-win32-arm64-msvc
223 silly ADD node_modules/@tailwindcss/oxide-wasm32-wasi
224 silly ADD node_modules/@tailwindcss/oxide-linux-x64-musl
225 silly ADD node_modules/@tailwindcss/oxide-linux-x64-gnu
226 silly ADD node_modules/@tailwindcss/oxide-linux-arm64-musl
227 silly ADD node_modules/@tailwindcss/oxide-linux-arm64-gnu
228 silly ADD node_modules/@tailwindcss/oxide-linux-arm-gnueabihf
229 silly ADD node_modules/@tailwindcss/oxide-freebsd-x64
230 silly ADD node_modules/@tailwindcss/oxide-darwin-x64
231 silly ADD node_modules/@tailwindcss/oxide-android-arm64
232 silly ADD node_modules/@next/swc-win32-x64-msvc
233 silly ADD node_modules/@next/swc-win32-arm64-msvc
234 silly ADD node_modules/@next/swc-linux-x64-musl
235 silly ADD node_modules/@next/swc-linux-x64-gnu
236 silly ADD node_modules/@next/swc-linux-arm64-musl
237 silly ADD node_modules/@next/swc-linux-arm64-gnu
238 silly ADD node_modules/@next/swc-darwin-x64
239 silly ADD node_modules/@img/sharp-win32-x64
240 silly ADD node_modules/@img/sharp-win32-ia32
241 silly ADD node_modules/@img/sharp-win32-arm64
242 silly ADD node_modules/@img/sharp-wasm32
243 silly ADD node_modules/@img/sharp-linuxmusl-x64
244 silly ADD node_modules/@img/sharp-linuxmusl-arm64
245 silly ADD node_modules/@img/sharp-linux-x64
246 silly ADD node_modules/@img/sharp-linux-s390x
247 silly ADD node_modules/@img/sharp-linux-riscv64
248 silly ADD node_modules/@img/sharp-linux-ppc64
249 silly ADD node_modules/@img/sharp-linux-arm64
250 silly ADD node_modules/@img/sharp-linux-arm
251 silly ADD node_modules/@img/sharp-libvips-linuxmusl-x64
252 silly ADD node_modules/@img/sharp-libvips-linuxmusl-arm64
253 silly ADD node_modules/@img/sharp-libvips-linux-x64
254 silly ADD node_modules/@img/sharp-libvips-linux-s390x
255 silly ADD node_modules/@img/sharp-libvips-linux-riscv64
256 silly ADD node_modules/@img/sharp-libvips-linux-ppc64
257 silly ADD node_modules/@img/sharp-libvips-linux-arm64
258 silly ADD node_modules/@img/sharp-libvips-linux-arm
259 silly ADD node_modules/@img/sharp-libvips-darwin-x64
260 silly ADD node_modules/@img/sharp-darwin-x64
261 verbose cwd /Users/md.khaledbin/Desktop/mdkhaledbin.github.io
262 verbose os Darwin 25.4.0
263 verbose node v24.3.0
264 verbose npm  v11.4.2
265 notice
265 notice New [33mminor[39m version of npm available! [33m11.4.2[39m -> [34m11.12.1[39m
265 notice Changelog: [34mhttps://github.com/npm/cli/releases/tag/v11.12.1[39m
265 notice To update run: [4mnpm install -g npm@11.12.1[24m
265 notice  { force: true, Symbol(proc-log.meta): true }
266 verbose exit 0
267 info ok
